Platform: MacOS
App version: 3.9.1
OS version: Unix 22.4.0.0
OS description: Unix 22.4.0.0
2024-04-05 09:59:28.569 +01:00 [DBG] System did wake. Connection state: Disconnected
2024-04-05 10:28:34.624 +01:00 [DBG] System will sleep. Connection state: Disconnected
2024-04-05 10:35:08.557 +01:00 [DBG] System did wake. Connection state: Disconnected
2024-04-05 10:35:08.583 +01:00 [DBG] System will sleep. Connection state: Disconnected
2024-04-05 10:35:46.697 +01:00 [DBG] System did wake. Connection state: Disconnected
2024-04-05 10:53:21.102 +01:00 [DBG] Sending Metrics batches
2024-04-05 10:53:21.178 +01:00 [DBG] Checking if table MetricsTable is empty
2024-04-05 10:53:21.182 +01:00 [DBG] is empty: True
2024-04-05 10:53:21.183 +01:00 [DBG] Finished sending batches of metrics to cloudwatch.
2024-04-05 10:53:21.183 +01:00 [DBG] Sending Analytics Batches
2024-04-05 10:53:21.186 +01:00 [DBG] Checking if table AnalyticsTable is empty
2024-04-05 10:53:21.192 +01:00 [DBG] is empty: True
2024-04-05 10:53:21.193 +01:00 [DBG] Finished sending batches of analytics to pinpoint.
2024-04-05 11:53:21.192 +01:00 [DBG] Sending Metrics batches
2024-04-05 11:53:21.228 +01:00 [DBG] Checking if table MetricsTable is empty
2024-04-05 11:53:21.238 +01:00 [DBG] is empty: True
2024-04-05 11:53:21.239 +01:00 [DBG] Finished sending batches of metrics to cloudwatch.
2024-04-05 11:53:21.239 +01:00 [DBG] Sending Analytics Batches
2024-04-05 11:53:21.241 +01:00 [DBG] Checking if table AnalyticsTable is empty
2024-04-05 11:53:21.242 +01:00 [DBG] is empty: True
2024-04-05 11:53:21.242 +01:00 [DBG] Finished sending batches of analytics to pinpoint.
2024-04-05 12:15:58.887 +01:00 [DBG] Caught exception when getting connection status. Exception information: System.TimeoutException: The message did not respond within the expected timeframe or was cancelled
  at ACVC.Core.OpenVpn.OvpnConnectionManager.SendMessage (System.String message, System.Int32 timeout, System.Threading.CancellationToken cancellationToken) [0x001ca] in <80a8cd494153490890bebf3908844eb4>:0 
  at ACVC.Core.OpenVpn.OvpnConnectionManager.GetConnectionStatus () [0x0007c] in <80a8cd494153490890bebf3908844eb4>:0 
  at ACVC.Core.Metrics.MetricsClient.RecordBytesMetricsAndAnalytics (ACVC.Core.IConnectionManager connectionManager) [0x00077] in <80a8cd494153490890bebf3908844eb4>:0 
2024-04-05 12:15:58.897 +01:00 [DBG] Stopping DNS monitoring thread
2024-04-05 12:15:58.897 +01:00 [DBG] Releasing DNS monitoring lock
2024-04-05 12:15:58.906 +01:00 [DBG] Connection state changed for CVPN endpoint id: cvpn-endpoint-04966959fc375c14f
2024-04-05 12:15:58.917 +01:00 [DBG] Inserted event UI_APP_VPN_CONNECT_GENERAL_ERROR 0 to MetricsTable
2024-04-05 12:15:58.920 +01:00 [DBG] Inserted event UI_APP_VPN_CONNECT_ATTEMPT_FAIL_VPN_PROCESS_DIED 0 to MetricsTable
2024-04-05 12:15:58.922 +01:00 [DBG] Inserted event UI_APP_VPN_CONNECT_ATTEMPT_FAIL_TLS_ERROR 0 to MetricsTable
2024-04-05 12:15:58.924 +01:00 [DBG] Inserted event SERVER_IP_TAMPERED_ERROR 0 to MetricsTable
2024-04-05 12:15:58.926 +01:00 [DBG] Inserted event LOCAL_NETWORK_CIDR_CHANGED_ERROR 0 to MetricsTable
2024-04-05 12:15:58.928 +01:00 [DBG] Inserted event UI_APP_VPN_CONNECT_ATTEMPT_FAIL_UNCATEGORIZED_ERROR 0 to MetricsTable
2024-04-05 12:15:58.930 +01:00 [DBG] Inserted event OSX_SEC_CODE_VALIDATION_EXCEPTION 0 to MetricsTable
2024-04-05 12:15:58.934 +01:00 [INF] Terminating connection
2024-04-05 12:15:58.934 +01:00 [DBG] 🏞 Ending connection details reporting.
2024-04-05 12:15:58.934 +01:00 [WRN] We are calling GracefulKill in a method that is not supposed to change Connection state.
2024-04-05 12:15:58.934 +01:00 [DBG] GracefulKill
2024-04-05 12:15:58.934 +01:00 [DBG] Cancelling socket listen token
2024-04-05 12:15:58.934 +01:00 [DBG] Dispose socket
2024-04-05 12:15:58.934 +01:00 [DBG] Signal process kill with helper tool.
2024-04-05 12:15:58.935 +01:00 [DBG] Starting process
2024-04-05 12:15:59.457 +01:00 [DBG] Start to read process output
2024-04-05 12:15:59.462 +01:00 [DBG] Shutting down metrics agent
2024-04-05 12:15:59.463 +01:00 [DBG] Metrics agent shut down
