Platform: MacOS
App version: 3.9.1
OS version: Unix 22.4.0.0
OS description: Unix 22.4.0.0
2024-03-22 09:29:29.187 +00:00 [DBG] System did wake. Connection state: Disconnected
2024-03-22 10:12:22.346 +00:00 [DBG] Sending Metrics batches
2024-03-22 10:12:22.382 +00:00 [DBG] Checking if table MetricsTable is empty
2024-03-22 10:12:22.387 +00:00 [DBG] is empty: True
2024-03-22 10:12:22.387 +00:00 [DBG] Finished sending batches of metrics to cloudwatch.
2024-03-22 10:12:22.387 +00:00 [DBG] Sending Analytics Batches
2024-03-22 10:12:22.391 +00:00 [DBG] Checking if table AnalyticsTable is empty
2024-03-22 10:12:22.393 +00:00 [DBG] is empty: True
2024-03-22 10:12:22.393 +00:00 [DBG] Finished sending batches of analytics to pinpoint.
2024-03-22 10:45:14.655 +00:00 [DBG] System will sleep. Connection state: Disconnected
2024-03-22 10:47:10.574 +00:00 [DBG] System did wake. Connection state: Disconnected
2024-03-22 11:13:39.309 +00:00 [DBG] Sending Metrics batches
2024-03-22 11:13:39.333 +00:00 [DBG] Checking if table MetricsTable is empty
2024-03-22 11:13:39.338 +00:00 [DBG] is empty: True
2024-03-22 11:13:39.338 +00:00 [DBG] Finished sending batches of metrics to cloudwatch.
2024-03-22 11:13:39.338 +00:00 [DBG] Sending Analytics Batches
2024-03-22 11:13:39.341 +00:00 [DBG] Checking if table AnalyticsTable is empty
2024-03-22 11:13:39.342 +00:00 [DBG] is empty: True
2024-03-22 11:13:39.343 +00:00 [DBG] Finished sending batches of analytics to pinpoint.
2024-03-22 12:13:39.337 +00:00 [DBG] Sending Metrics batches
2024-03-22 12:13:39.356 +00:00 [DBG] Checking if table MetricsTable is empty
2024-03-22 12:13:39.358 +00:00 [DBG] is empty: True
2024-03-22 12:13:39.359 +00:00 [DBG] Finished sending batches of metrics to cloudwatch.
2024-03-22 12:13:39.359 +00:00 [DBG] Sending Analytics Batches
2024-03-22 12:13:39.362 +00:00 [DBG] Checking if table AnalyticsTable is empty
2024-03-22 12:13:39.362 +00:00 [DBG] is empty: True
2024-03-22 12:13:39.362 +00:00 [DBG] Finished sending batches of analytics to pinpoint.
2024-03-22 12:18:38.749 +00:00 [DBG] System will sleep. Connection state: Disconnected
2024-03-22 13:43:18.658 +00:00 [DBG] System did wake. Connection state: Disconnected
2024-03-22 14:29:07.808 +00:00 [DBG] Sending Metrics batches
2024-03-22 14:29:07.863 +00:00 [DBG] Checking if table MetricsTable is empty
2024-03-22 14:29:07.864 +00:00 [DBG] is empty: True
2024-03-22 14:29:07.864 +00:00 [DBG] Finished sending batches of metrics to cloudwatch.
2024-03-22 14:29:07.864 +00:00 [DBG] Sending Analytics Batches
2024-03-22 14:29:07.866 +00:00 [DBG] Checking if table AnalyticsTable is empty
2024-03-22 14:29:07.867 +00:00 [DBG] is empty: True
2024-03-22 14:29:07.867 +00:00 [DBG] Finished sending batches of analytics to pinpoint.
2024-03-22 14:51:01.120 +00:00 [DBG] System will sleep. Connection state: Disconnected
2024-03-22 17:17:46.915 +00:00 [DBG] Sending Metrics batches
2024-03-22 17:17:46.967 +00:00 [DBG] Checking if table MetricsTable is empty
2024-03-22 17:17:46.969 +00:00 [DBG] is empty: True
2024-03-22 17:17:46.969 +00:00 [DBG] Finished sending batches of metrics to cloudwatch.
2024-03-22 17:17:46.970 +00:00 [DBG] Sending Analytics Batches
2024-03-22 17:17:46.974 +00:00 [DBG] Checking if table AnalyticsTable is empty
2024-03-22 17:17:46.976 +00:00 [DBG] is empty: True
2024-03-22 17:17:46.976 +00:00 [DBG] Finished sending batches of analytics to pinpoint.
2024-03-22 17:53:23.670 +00:00 [DBG] System did wake. Connection state: Disconnected
2024-03-22 18:19:42.325 +00:00 [DBG] System will sleep. Connection state: Disconnected
2024-03-22 20:28:48.505 +00:00 [DBG] System did wake. Connection state: Disconnected
2024-03-22 20:43:46.004 +00:00 [DBG] Sending Metrics batches
2024-03-22 20:43:46.025 +00:00 [DBG] Checking if table MetricsTable is empty
2024-03-22 20:43:46.027 +00:00 [DBG] is empty: True
2024-03-22 20:43:46.027 +00:00 [DBG] Finished sending batches of metrics to cloudwatch.
2024-03-22 20:43:46.028 +00:00 [DBG] Sending Analytics Batches
2024-03-22 20:43:46.032 +00:00 [DBG] Checking if table AnalyticsTable is empty
2024-03-22 20:43:46.034 +00:00 [DBG] is empty: True
2024-03-22 20:43:46.034 +00:00 [DBG] Finished sending batches of analytics to pinpoint.
2024-03-22 21:17:29.094 +00:00 [DBG] System will sleep. Connection state: Disconnected
2024-03-22 21:18:11.835 +00:00 [DBG] System did wake. Connection state: Disconnected
2024-03-22 21:18:17.021 +00:00 [DBG] System will sleep. Connection state: Disconnected
2024-03-22 21:47:14.866 +00:00 [DBG] System did wake. Connection state: Disconnected
2024-03-22 22:12:08.967 +00:00 [DBG] Sending Metrics batches
2024-03-22 22:12:08.987 +00:00 [DBG] Checking if table MetricsTable is empty
2024-03-22 22:12:08.989 +00:00 [DBG] is empty: True
2024-03-22 22:12:08.989 +00:00 [DBG] Finished sending batches of metrics to cloudwatch.
2024-03-22 22:12:08.989 +00:00 [DBG] Sending Analytics Batches
2024-03-22 22:12:08.992 +00:00 [DBG] Checking if table AnalyticsTable is empty
2024-03-22 22:12:08.994 +00:00 [DBG] is empty: True
2024-03-22 22:12:08.994 +00:00 [DBG] Finished sending batches of analytics to pinpoint.
2024-03-22 23:09:22.013 +00:00 [DBG] System will sleep. Connection state: Disconnected
