Platform: MacOS
App version: 3.9.1
OS version: Unix 22.4.0.0
OS description: Unix 22.4.0.0
2024-03-30 00:01:38.690 +00:00 [DBG] System will sleep. Connection state: Disconnected
2024-03-30 13:32:26.605 +00:00 [DBG] System did wake. Connection state: Disconnected
2024-03-30 13:54:08.098 +00:00 [DBG] System will sleep. Connection state: Disconnected
2024-03-30 13:56:58.716 +00:00 [DBG] System did wake. Connection state: Disconnected
2024-03-30 13:57:04.028 +00:00 [DBG] System will sleep. Connection state: Disconnected
2024-03-30 13:58:37.038 +00:00 [DBG] System did wake. Connection state: Disconnected
2024-03-30 14:03:20.592 +00:00 [DBG] Sending Metrics batches
2024-03-30 14:03:20.626 +00:00 [DBG] Checking if table MetricsTable is empty
2024-03-30 14:03:20.635 +00:00 [DBG] is empty: True
2024-03-30 14:03:20.636 +00:00 [DBG] Finished sending batches of metrics to cloudwatch.
2024-03-30 14:03:20.636 +00:00 [DBG] Sending Analytics Batches
2024-03-30 14:03:20.642 +00:00 [DBG] Checking if table AnalyticsTable is empty
2024-03-30 14:03:20.643 +00:00 [DBG] is empty: True
2024-03-30 14:03:20.643 +00:00 [DBG] Finished sending batches of analytics to pinpoint.
2024-03-30 15:03:20.617 +00:00 [DBG] Sending Metrics batches
2024-03-30 15:03:20.629 +00:00 [DBG] Checking if table MetricsTable is empty
2024-03-30 15:03:20.630 +00:00 [DBG] is empty: True
2024-03-30 15:03:20.630 +00:00 [DBG] Finished sending batches of metrics to cloudwatch.
2024-03-30 15:03:20.630 +00:00 [DBG] Sending Analytics Batches
2024-03-30 15:03:20.635 +00:00 [DBG] Checking if table AnalyticsTable is empty
2024-03-30 15:03:20.636 +00:00 [DBG] is empty: True
2024-03-30 15:03:20.636 +00:00 [DBG] Finished sending batches of analytics to pinpoint.
2024-03-30 15:43:20.227 +00:00 [DBG] System will sleep. Connection state: Disconnected
2024-03-30 15:44:17.387 +00:00 [DBG] System did wake. Connection state: Disconnected
2024-03-30 15:55:58.820 +00:00 [DBG] System will sleep. Connection state: Disconnected
2024-03-30 16:13:42.546 +00:00 [DBG] System did wake. Connection state: Disconnected
2024-03-30 16:21:39.666 +00:00 [DBG] Sending Metrics batches
2024-03-30 16:21:39.675 +00:00 [DBG] Checking if table MetricsTable is empty
2024-03-30 16:21:39.675 +00:00 [DBG] is empty: True
2024-03-30 16:21:39.676 +00:00 [DBG] Finished sending batches of metrics to cloudwatch.
2024-03-30 16:21:39.676 +00:00 [DBG] Sending Analytics Batches
2024-03-30 16:21:39.681 +00:00 [DBG] Checking if table AnalyticsTable is empty
2024-03-30 16:21:39.682 +00:00 [DBG] is empty: True
2024-03-30 16:21:39.682 +00:00 [DBG] Finished sending batches of analytics to pinpoint.
2024-03-30 17:21:39.770 +00:00 [DBG] Sending Metrics batches
2024-03-30 17:21:39.783 +00:00 [DBG] Checking if table MetricsTable is empty
2024-03-30 17:21:39.785 +00:00 [DBG] is empty: True
2024-03-30 17:21:39.785 +00:00 [DBG] Finished sending batches of metrics to cloudwatch.
2024-03-30 17:21:39.785 +00:00 [DBG] Sending Analytics Batches
2024-03-30 17:21:39.789 +00:00 [DBG] Checking if table AnalyticsTable is empty
2024-03-30 17:21:39.790 +00:00 [DBG] is empty: True
2024-03-30 17:21:39.790 +00:00 [DBG] Finished sending batches of analytics to pinpoint.
2024-03-30 17:23:05.618 +00:00 [DBG] System will sleep. Connection state: Disconnected
2024-03-30 17:27:03.947 +00:00 [DBG] System did wake. Connection state: Disconnected
2024-03-30 18:25:13.999 +00:00 [DBG] Sending Metrics batches
2024-03-30 18:25:14.031 +00:00 [DBG] Checking if table MetricsTable is empty
2024-03-30 18:25:14.032 +00:00 [DBG] is empty: True
2024-03-30 18:25:14.033 +00:00 [DBG] Finished sending batches of metrics to cloudwatch.
2024-03-30 18:25:14.034 +00:00 [DBG] Sending Analytics Batches
2024-03-30 18:25:14.038 +00:00 [DBG] Checking if table AnalyticsTable is empty
2024-03-30 18:25:14.039 +00:00 [DBG] is empty: True
2024-03-30 18:25:14.039 +00:00 [DBG] Finished sending batches of analytics to pinpoint.
2024-03-30 18:26:06.674 +00:00 [DBG] System will sleep. Connection state: Disconnected
2024-03-30 18:47:07.327 +00:00 [DBG] System did wake. Connection state: Disconnected
2024-03-30 19:42:59.419 +00:00 [DBG] Sending Metrics batches
2024-03-30 19:42:59.461 +00:00 [DBG] Checking if table MetricsTable is empty
2024-03-30 19:42:59.462 +00:00 [DBG] is empty: True
2024-03-30 19:42:59.462 +00:00 [DBG] Finished sending batches of metrics to cloudwatch.
2024-03-30 19:42:59.462 +00:00 [DBG] Sending Analytics Batches
2024-03-30 19:42:59.467 +00:00 [DBG] Checking if table AnalyticsTable is empty
2024-03-30 19:42:59.469 +00:00 [DBG] is empty: True
2024-03-30 19:42:59.469 +00:00 [DBG] Finished sending batches of analytics to pinpoint.
2024-03-30 20:42:59.547 +00:00 [DBG] Sending Metrics batches
2024-03-30 20:42:59.561 +00:00 [DBG] Checking if table MetricsTable is empty
2024-03-30 20:42:59.562 +00:00 [DBG] is empty: True
2024-03-30 20:42:59.564 +00:00 [DBG] Finished sending batches of metrics to cloudwatch.
2024-03-30 20:42:59.564 +00:00 [DBG] Sending Analytics Batches
2024-03-30 20:42:59.567 +00:00 [DBG] Checking if table AnalyticsTable is empty
2024-03-30 20:42:59.568 +00:00 [DBG] is empty: True
2024-03-30 20:42:59.569 +00:00 [DBG] Finished sending batches of analytics to pinpoint.
2024-03-30 20:49:33.694 +00:00 [DBG] System will sleep. Connection state: Disconnected
