Platform: MacOS
App version: 3.9.1
OS version: Unix 22.4.0.0
OS description: Unix 22.4.0.0
2024-04-01 12:04:26.255 +01:00 [DBG] System did wake. Connection state: Disconnected
2024-04-01 12:45:29.382 +01:00 [DBG] Sending Metrics batches
2024-04-01 12:45:29.396 +01:00 [DBG] Checking if table MetricsTable is empty
2024-04-01 12:45:29.397 +01:00 [DBG] is empty: True
2024-04-01 12:45:29.398 +01:00 [DBG] Finished sending batches of metrics to cloudwatch.
2024-04-01 12:45:29.398 +01:00 [DBG] Sending Analytics Batches
2024-04-01 12:45:29.399 +01:00 [DBG] Checking if table AnalyticsTable is empty
2024-04-01 12:45:29.400 +01:00 [DBG] is empty: True
2024-04-01 12:45:29.400 +01:00 [DBG] Finished sending batches of analytics to pinpoint.
2024-04-01 13:13:29.307 +01:00 [DBG] System will sleep. Connection state: Disconnected
2024-04-01 13:14:31.378 +01:00 [DBG] System did wake. Connection state: Disconnected
2024-04-01 13:46:24.382 +01:00 [DBG] Sending Metrics batches
2024-04-01 13:46:24.395 +01:00 [DBG] Checking if table MetricsTable is empty
2024-04-01 13:46:24.400 +01:00 [DBG] is empty: True
2024-04-01 13:46:24.400 +01:00 [DBG] Finished sending batches of metrics to cloudwatch.
2024-04-01 13:46:24.400 +01:00 [DBG] Sending Analytics Batches
2024-04-01 13:46:24.403 +01:00 [DBG] Checking if table AnalyticsTable is empty
2024-04-01 13:46:24.404 +01:00 [DBG] is empty: True
2024-04-01 13:46:24.404 +01:00 [DBG] Finished sending batches of analytics to pinpoint.
2024-04-01 14:46:24.418 +01:00 [DBG] Sending Metrics batches
2024-04-01 14:46:24.448 +01:00 [DBG] Checking if table MetricsTable is empty
2024-04-01 14:46:24.450 +01:00 [DBG] is empty: True
2024-04-01 14:46:24.450 +01:00 [DBG] Finished sending batches of metrics to cloudwatch.
2024-04-01 14:46:24.450 +01:00 [DBG] Sending Analytics Batches
2024-04-01 14:46:24.453 +01:00 [DBG] Checking if table AnalyticsTable is empty
2024-04-01 14:46:24.454 +01:00 [DBG] is empty: True
2024-04-01 14:46:24.454 +01:00 [DBG] Finished sending batches of analytics to pinpoint.
2024-04-01 15:46:24.431 +01:00 [DBG] Sending Metrics batches
2024-04-01 15:46:24.439 +01:00 [DBG] Checking if table MetricsTable is empty
2024-04-01 15:46:24.441 +01:00 [DBG] is empty: True
2024-04-01 15:46:24.442 +01:00 [DBG] Finished sending batches of metrics to cloudwatch.
2024-04-01 15:46:24.442 +01:00 [DBG] Sending Analytics Batches
2024-04-01 15:46:24.444 +01:00 [DBG] Checking if table AnalyticsTable is empty
2024-04-01 15:46:24.445 +01:00 [DBG] is empty: True
2024-04-01 15:46:24.445 +01:00 [DBG] Finished sending batches of analytics to pinpoint.
2024-04-01 16:46:24.491 +01:00 [DBG] Sending Metrics batches
2024-04-01 16:46:24.504 +01:00 [DBG] Checking if table MetricsTable is empty
2024-04-01 16:46:24.505 +01:00 [DBG] is empty: True
2024-04-01 16:46:24.506 +01:00 [DBG] Finished sending batches of metrics to cloudwatch.
2024-04-01 16:46:24.506 +01:00 [DBG] Sending Analytics Batches
2024-04-01 16:46:24.508 +01:00 [DBG] Checking if table AnalyticsTable is empty
2024-04-01 16:46:24.509 +01:00 [DBG] is empty: True
2024-04-01 16:46:24.509 +01:00 [DBG] Finished sending batches of analytics to pinpoint.
2024-04-01 17:46:24.535 +01:00 [DBG] Sending Metrics batches
2024-04-01 17:46:24.546 +01:00 [DBG] Checking if table MetricsTable is empty
2024-04-01 17:46:24.547 +01:00 [DBG] is empty: True
2024-04-01 17:46:24.547 +01:00 [DBG] Finished sending batches of metrics to cloudwatch.
2024-04-01 17:46:24.547 +01:00 [DBG] Sending Analytics Batches
2024-04-01 17:46:24.557 +01:00 [DBG] Checking if table AnalyticsTable is empty
2024-04-01 17:46:24.558 +01:00 [DBG] is empty: True
2024-04-01 17:46:24.558 +01:00 [DBG] Finished sending batches of analytics to pinpoint.
2024-04-01 17:58:51.360 +01:00 [DBG] System will sleep. Connection state: Disconnected
2024-04-01 17:59:18.303 +01:00 [DBG] AcvcHelperOutLog doesn't exist. Skipping
2024-04-01 17:59:18.305 +01:00 [DBG] AcvcHelperErrLog doesn't exist. Skipping
2024-04-01 17:59:18.341 +01:00 [DBG] Total logs size (MB): {0}22
2024-04-01 17:59:18.355 +01:00 [DBG] Inserted event LOG_DISK_USAGE 22 to MetricsTable
2024-04-01 17:59:18.361 +01:00 [DBG] Inserted event LOG_DISK_USAGE_INFO 22 to AnalyticsTable
