Platform: MacOS
App version: 3.9.1
OS version: Unix 22.4.0.0
OS description: Unix 22.4.0.0
2024-03-20 11:56:24.322 +00:00 [DBG] System did wake. Connection state: Disconnected
2024-03-20 12:37:35.108 +00:00 [DBG] Sending Metrics batches
2024-03-20 12:37:35.140 +00:00 [DBG] Checking if table MetricsTable is empty
2024-03-20 12:37:35.141 +00:00 [DBG] is empty: True
2024-03-20 12:37:35.141 +00:00 [DBG] Finished sending batches of metrics to cloudwatch.
2024-03-20 12:37:35.141 +00:00 [DBG] Sending Analytics Batches
2024-03-20 12:37:35.144 +00:00 [DBG] Checking if table AnalyticsTable is empty
2024-03-20 12:37:35.144 +00:00 [DBG] is empty: True
2024-03-20 12:37:35.145 +00:00 [DBG] Finished sending batches of analytics to pinpoint.
2024-03-20 12:43:05.959 +00:00 [DBG] System will sleep. Connection state: Disconnected
2024-03-20 12:44:54.317 +00:00 [DBG] System did wake. Connection state: Disconnected
2024-03-20 12:52:09.719 +00:00 [DBG] AcvcHelperOutLog doesn't exist. Skipping
2024-03-20 12:52:09.727 +00:00 [DBG] AcvcHelperErrLog doesn't exist. Skipping
2024-03-20 12:52:09.752 +00:00 [DBG] Total logs size (MB): {0}35
2024-03-20 12:52:09.790 +00:00 [DBG] Inserted event LOG_DISK_USAGE 35 to MetricsTable
2024-03-20 12:52:09.796 +00:00 [DBG] Inserted event LOG_DISK_USAGE_INFO 35 to AnalyticsTable
2024-03-20 13:39:12.745 +00:00 [DBG] Sending Metrics batches
2024-03-20 13:39:12.777 +00:00 [DBG] Checking if table MetricsTable is empty
2024-03-20 13:39:12.779 +00:00 [DBG] is empty: False
2024-03-20 13:39:12.787 +00:00 [DBG] Metrics event batch successfully created, sending metrics
2024-03-20 13:39:12.788 +00:00 [DBG] metrics region already exists in app: eu-central-1
2024-03-20 13:39:12.788 +00:00 [DBG] Sending metrics batch async
2024-03-20 13:39:12.792 +00:00 [DBG] OS: MacOS
2024-03-20 13:39:12.792 +00:00 [DBG] Metrics data request created
2024-03-20 13:39:12.889 +00:00 [DBG] Sending Analytics Batches
2024-03-20 13:39:12.892 +00:00 [DBG] Checking if table AnalyticsTable is empty
2024-03-20 13:39:12.903 +00:00 [DBG] is empty: False
2024-03-20 13:39:12.923 +00:00 [DBG] Analytics event batch successfully created, sending analytics
2024-03-20 13:39:12.938 +00:00 [DBG] Sending analytics batch async
2024-03-20 13:39:12.939 +00:00 [DBG] metrics region already exists in app: eu-central-1
2024-03-20 13:39:12.939 +00:00 [DBG] Pinpoint endpoint ID already exists
2024-03-20 13:39:12.939 +00:00 [DBG] OSVersion: Unix 22.4.0.0
2024-03-20 13:39:12.939 +00:00 [DBG] OS: MacOS
2024-03-20 13:39:12.939 +00:00 [DBG] Endpoint ID: eu-central-1:0db0e430-13d5-c2e9-a39c-ec0919c6134e
2024-03-20 13:39:12.939 +00:00 [DBG] Pinpoint endpoint id: eu-central-1:0db0e430-13d5-c2e9-a39c-ec0919c6134e
2024-03-20 13:39:12.939 +00:00 [DBG] metrics region already exists in app: eu-central-1
2024-03-20 13:39:12.948 +00:00 [DBG] OS: MacOS
2024-03-20 13:39:12.948 +00:00 [DBG] metrics region already exists in app: eu-central-1
2024-03-20 13:39:13.443 +00:00 [DBG] Caching credentials.
2024-03-20 13:39:13.861 +00:00 [DBG] CloudWatch response received
2024-03-20 13:39:13.864 +00:00 [DBG] CloudWatch response status code: OK
2024-03-20 13:39:13.864 +00:00 [DBG] successfully put metrics to cloudwatch
2024-03-20 13:39:13.864 +00:00 [DBG] Deleting successfully sent batch of metric events
2024-03-20 13:39:13.879 +00:00 [DBG] Checking if table MetricsTable is empty
2024-03-20 13:39:13.880 +00:00 [DBG] is empty: True
2024-03-20 13:39:13.880 +00:00 [DBG] Finished sending batches of metrics to cloudwatch.
2024-03-20 13:39:13.895 +00:00 [DBG] 3/20/2024 1:39:13 PM Accepted
2024-03-20 13:39:13.896 +00:00 [DBG] successfully put analytics to pinpoint
2024-03-20 13:39:13.897 +00:00 [DBG] Events batch was accepted. Checking individual events for accepted status.
2024-03-20 13:39:13.907 +00:00 [DBG] Checking if table AnalyticsTable is empty
2024-03-20 13:39:13.912 +00:00 [DBG] is empty: True
2024-03-20 13:39:13.913 +00:00 [DBG] Finished sending batches of analytics to pinpoint.
2024-03-20 14:39:13.007 +00:00 [DBG] Sending Metrics batches
2024-03-20 14:39:13.023 +00:00 [DBG] Checking if table MetricsTable is empty
2024-03-20 14:39:13.024 +00:00 [DBG] is empty: True
2024-03-20 14:39:13.025 +00:00 [DBG] Finished sending batches of metrics to cloudwatch.
2024-03-20 14:39:13.025 +00:00 [DBG] Sending Analytics Batches
2024-03-20 14:39:13.029 +00:00 [DBG] Checking if table AnalyticsTable is empty
2024-03-20 14:39:13.030 +00:00 [DBG] is empty: True
2024-03-20 14:39:13.031 +00:00 [DBG] Finished sending batches of analytics to pinpoint.
2024-03-20 15:39:13.052 +00:00 [DBG] Sending Metrics batches
2024-03-20 15:39:13.098 +00:00 [DBG] Checking if table MetricsTable is empty
2024-03-20 15:39:13.117 +00:00 [DBG] is empty: True
2024-03-20 15:39:13.117 +00:00 [DBG] Finished sending batches of metrics to cloudwatch.
2024-03-20 15:39:13.117 +00:00 [DBG] Sending Analytics Batches
2024-03-20 15:39:13.120 +00:00 [DBG] Checking if table AnalyticsTable is empty
2024-03-20 15:39:13.121 +00:00 [DBG] is empty: True
2024-03-20 15:39:13.121 +00:00 [DBG] Finished sending batches of analytics to pinpoint.
2024-03-20 16:39:13.081 +00:00 [DBG] Sending Metrics batches
2024-03-20 16:39:13.109 +00:00 [DBG] Checking if table MetricsTable is empty
2024-03-20 16:39:13.117 +00:00 [DBG] is empty: True
2024-03-20 16:39:13.117 +00:00 [DBG] Finished sending batches of metrics to cloudwatch.
2024-03-20 16:39:13.117 +00:00 [DBG] Sending Analytics Batches
2024-03-20 16:39:13.121 +00:00 [DBG] Checking if table AnalyticsTable is empty
2024-03-20 16:39:13.122 +00:00 [DBG] is empty: True
2024-03-20 16:39:13.122 +00:00 [DBG] Finished sending batches of analytics to pinpoint.
2024-03-20 17:39:13.057 +00:00 [DBG] Sending Metrics batches
2024-03-20 17:39:13.082 +00:00 [DBG] Checking if table MetricsTable is empty
2024-03-20 17:39:13.084 +00:00 [DBG] is empty: True
2024-03-20 17:39:13.084 +00:00 [DBG] Finished sending batches of metrics to cloudwatch.
2024-03-20 17:39:13.084 +00:00 [DBG] Sending Analytics Batches
2024-03-20 17:39:13.090 +00:00 [DBG] Checking if table AnalyticsTable is empty
2024-03-20 17:39:13.091 +00:00 [DBG] is empty: True
2024-03-20 17:39:13.091 +00:00 [DBG] Finished sending batches of analytics to pinpoint.
2024-03-20 17:48:27.070 +00:00 [DBG] System will sleep. Connection state: Disconnected
