Platform: MacOS
App version: 3.9.1
OS version: Unix 22.4.0.0
OS description: Unix 22.4.0.0
2024-03-17 22:05:07.023 +00:00 [DBG] System did wake. Connection state: Disconnected
2024-03-17 22:11:16.528 +00:00 [DBG] System will sleep. Connection state: Disconnected
2024-03-17 22:13:49.430 +00:00 [DBG] System did wake. Connection state: Disconnected
2024-03-17 22:23:30.128 +00:00 [DBG] Sending Metrics batches
2024-03-17 22:23:30.152 +00:00 [DBG] Checking if table MetricsTable is empty
2024-03-17 22:23:30.154 +00:00 [DBG] is empty: True
2024-03-17 22:23:30.154 +00:00 [DBG] Finished sending batches of metrics to cloudwatch.
2024-03-17 22:23:30.155 +00:00 [DBG] Sending Analytics Batches
2024-03-17 22:23:30.158 +00:00 [DBG] Checking if table AnalyticsTable is empty
2024-03-17 22:23:30.159 +00:00 [DBG] is empty: True
2024-03-17 22:23:30.159 +00:00 [DBG] Finished sending batches of analytics to pinpoint.
2024-03-17 23:23:30.164 +00:00 [DBG] Sending Metrics batches
2024-03-17 23:23:30.195 +00:00 [DBG] Checking if table MetricsTable is empty
2024-03-17 23:23:30.196 +00:00 [DBG] is empty: True
2024-03-17 23:23:30.196 +00:00 [DBG] Finished sending batches of metrics to cloudwatch.
2024-03-17 23:23:30.196 +00:00 [DBG] Sending Analytics Batches
2024-03-17 23:23:30.228 +00:00 [DBG] Checking if table AnalyticsTable is empty
2024-03-17 23:23:30.249 +00:00 [DBG] is empty: True
2024-03-17 23:23:30.250 +00:00 [DBG] Finished sending batches of analytics to pinpoint.
2024-03-17 23:31:08.292 +00:00 [DBG] System will sleep. Connection state: Disconnected
2024-03-17 23:31:08.529 +00:00 [DBG] System did wake. Connection state: Disconnected
2024-03-17 23:31:11.376 +00:00 [DBG] System will sleep. Connection state: Disconnected
