Platform: MacOS
App version: 3.9.1
OS version: Unix 22.4.0.0
OS description: Unix 22.4.0.0
2024-03-21 12:43:13.683 +00:00 [DBG] System did wake. Connection state: Disconnected
2024-03-21 13:23:41.977 +00:00 [DBG] Sending Metrics batches
2024-03-21 13:23:42.013 +00:00 [DBG] Checking if table MetricsTable is empty
2024-03-21 13:23:42.015 +00:00 [DBG] is empty: True
2024-03-21 13:23:42.019 +00:00 [DBG] Finished sending batches of metrics to cloudwatch.
2024-03-21 13:23:42.019 +00:00 [DBG] Sending Analytics Batches
2024-03-21 13:23:42.022 +00:00 [DBG] Checking if table AnalyticsTable is empty
2024-03-21 13:23:42.027 +00:00 [DBG] is empty: True
2024-03-21 13:23:42.028 +00:00 [DBG] Finished sending batches of analytics to pinpoint.
2024-03-21 14:20:10.373 +00:00 [DBG] System will sleep. Connection state: Disconnected
2024-03-21 14:25:18.696 +00:00 [DBG] System did wake. Connection state: Disconnected
2024-03-21 14:28:42.932 +00:00 [DBG] Sending Metrics batches
2024-03-21 14:28:42.954 +00:00 [DBG] Checking if table MetricsTable is empty
2024-03-21 14:28:42.957 +00:00 [DBG] is empty: True
2024-03-21 14:28:42.958 +00:00 [DBG] Finished sending batches of metrics to cloudwatch.
2024-03-21 14:28:42.958 +00:00 [DBG] Sending Analytics Batches
2024-03-21 14:28:42.966 +00:00 [DBG] Checking if table AnalyticsTable is empty
2024-03-21 14:28:42.967 +00:00 [DBG] is empty: True
2024-03-21 14:28:42.967 +00:00 [DBG] Finished sending batches of analytics to pinpoint.
2024-03-21 15:15:44.315 +00:00 [DBG] System will sleep. Connection state: Disconnected
2024-03-21 15:16:27.277 +00:00 [DBG] System did wake. Connection state: Disconnected
2024-03-21 15:16:27.278 +00:00 [DBG] System will sleep. Connection state: Disconnected
2024-03-21 17:11:56.701 +00:00 [DBG] System did wake. Connection state: Disconnected
2024-03-21 17:21:02.597 +00:00 [DBG] Sending Metrics batches
2024-03-21 17:21:02.631 +00:00 [DBG] Checking if table MetricsTable is empty
2024-03-21 17:21:02.632 +00:00 [DBG] is empty: True
2024-03-21 17:21:02.632 +00:00 [DBG] Finished sending batches of metrics to cloudwatch.
2024-03-21 17:21:02.632 +00:00 [DBG] Sending Analytics Batches
2024-03-21 17:21:02.634 +00:00 [DBG] Checking if table AnalyticsTable is empty
2024-03-21 17:21:02.634 +00:00 [DBG] is empty: True
2024-03-21 17:21:02.634 +00:00 [DBG] Finished sending batches of analytics to pinpoint.
2024-03-21 18:21:02.646 +00:00 [DBG] Sending Metrics batches
2024-03-21 18:21:02.682 +00:00 [DBG] Checking if table MetricsTable is empty
2024-03-21 18:21:02.684 +00:00 [DBG] is empty: True
2024-03-21 18:21:02.684 +00:00 [DBG] Finished sending batches of metrics to cloudwatch.
2024-03-21 18:21:02.684 +00:00 [DBG] Sending Analytics Batches
2024-03-21 18:21:02.691 +00:00 [DBG] Checking if table AnalyticsTable is empty
2024-03-21 18:21:02.692 +00:00 [DBG] is empty: True
2024-03-21 18:21:02.692 +00:00 [DBG] Finished sending batches of analytics to pinpoint.
2024-03-21 19:21:02.781 +00:00 [DBG] Sending Metrics batches
2024-03-21 19:21:02.807 +00:00 [DBG] Checking if table MetricsTable is empty
2024-03-21 19:21:02.810 +00:00 [DBG] is empty: True
2024-03-21 19:21:02.811 +00:00 [DBG] Finished sending batches of metrics to cloudwatch.
2024-03-21 19:21:02.811 +00:00 [DBG] Sending Analytics Batches
2024-03-21 19:21:02.816 +00:00 [DBG] Checking if table AnalyticsTable is empty
2024-03-21 19:21:02.817 +00:00 [DBG] is empty: True
2024-03-21 19:21:02.817 +00:00 [DBG] Finished sending batches of analytics to pinpoint.
2024-03-21 19:40:06.625 +00:00 [DBG] System will sleep. Connection state: Disconnected
2024-03-21 20:13:47.007 +00:00 [DBG] System did wake. Connection state: Disconnected
2024-03-21 20:24:05.560 +00:00 [DBG] System will sleep. Connection state: Disconnected
2024-03-21 20:28:01.667 +00:00 [DBG] System did wake. Connection state: Disconnected
2024-03-21 20:58:12.848 +00:00 [DBG] Sending Metrics batches
2024-03-21 20:58:12.882 +00:00 [DBG] Checking if table MetricsTable is empty
2024-03-21 20:58:12.884 +00:00 [DBG] is empty: True
2024-03-21 20:58:12.884 +00:00 [DBG] Finished sending batches of metrics to cloudwatch.
2024-03-21 20:58:12.887 +00:00 [DBG] Sending Analytics Batches
2024-03-21 20:58:12.891 +00:00 [DBG] Checking if table AnalyticsTable is empty
2024-03-21 20:58:12.892 +00:00 [DBG] is empty: True
2024-03-21 20:58:12.892 +00:00 [DBG] Finished sending batches of analytics to pinpoint.
2024-03-21 20:59:38.930 +00:00 [DBG] System will sleep. Connection state: Disconnected
2024-03-21 21:03:12.859 +00:00 [DBG] System did wake. Connection state: Disconnected
2024-03-21 21:08:09.404 +00:00 [DBG] System will sleep. Connection state: Disconnected
