Platform: MacOS
App version: 3.9.1
OS version: Unix 22.4.0.0
OS description: Unix 22.4.0.0
2024-03-25 13:32:58.846 +00:00 [DBG] System did wake. Connection state: Disconnected
2024-03-25 13:47:20.653 +00:00 [DBG] System will sleep. Connection state: Disconnected
2024-03-25 13:57:08.550 +00:00 [DBG] System did wake. Connection state: Disconnected
2024-03-25 13:58:53.407 +00:00 [DBG] Sending Metrics batches
2024-03-25 13:58:53.449 +00:00 [DBG] Checking if table MetricsTable is empty
2024-03-25 13:58:53.452 +00:00 [DBG] is empty: True
2024-03-25 13:58:53.452 +00:00 [DBG] Finished sending batches of metrics to cloudwatch.
2024-03-25 13:58:53.452 +00:00 [DBG] Sending Analytics Batches
2024-03-25 13:58:53.461 +00:00 [DBG] Checking if table AnalyticsTable is empty
2024-03-25 13:58:53.462 +00:00 [DBG] is empty: True
2024-03-25 13:58:53.463 +00:00 [DBG] Finished sending batches of analytics to pinpoint.
2024-03-25 14:02:20.300 +00:00 [DBG] System will sleep. Connection state: Disconnected
2024-03-25 14:02:26.636 +00:00 [DBG] System did wake. Connection state: Disconnected
2024-03-25 14:58:53.451 +00:00 [DBG] Sending Metrics batches
2024-03-25 14:58:53.578 +00:00 [DBG] Checking if table MetricsTable is empty
2024-03-25 14:58:53.580 +00:00 [DBG] is empty: True
2024-03-25 14:58:53.580 +00:00 [DBG] Finished sending batches of metrics to cloudwatch.
2024-03-25 14:58:53.580 +00:00 [DBG] Sending Analytics Batches
2024-03-25 14:58:53.584 +00:00 [DBG] Checking if table AnalyticsTable is empty
2024-03-25 14:58:53.586 +00:00 [DBG] is empty: True
2024-03-25 14:58:53.586 +00:00 [DBG] Finished sending batches of analytics to pinpoint.
2024-03-25 15:28:19.457 +00:00 [DBG] System will sleep. Connection state: Disconnected
2024-03-25 15:53:04.248 +00:00 [DBG] System did wake. Connection state: Disconnected
2024-03-25 16:02:46.929 +00:00 [DBG] System will sleep. Connection state: Disconnected
2024-03-25 17:52:29.417 +00:00 [DBG] System did wake. Connection state: Disconnected
2024-03-25 17:53:40.958 +00:00 [DBG] System will sleep. Connection state: Disconnected
2024-03-25 17:55:26.593 +00:00 [DBG] System did wake. Connection state: Disconnected
2024-03-25 18:08:23.274 +00:00 [DBG] System will sleep. Connection state: Disconnected
2024-03-25 18:40:46.810 +00:00 [DBG] System did wake. Connection state: Disconnected
2024-03-25 18:42:19.109 +00:00 [DBG] Sending Metrics batches
2024-03-25 18:42:19.136 +00:00 [DBG] Checking if table MetricsTable is empty
2024-03-25 18:42:19.143 +00:00 [DBG] is empty: True
2024-03-25 18:42:19.143 +00:00 [DBG] Finished sending batches of metrics to cloudwatch.
2024-03-25 18:42:19.143 +00:00 [DBG] Sending Analytics Batches
2024-03-25 18:42:19.150 +00:00 [DBG] Checking if table AnalyticsTable is empty
2024-03-25 18:42:19.152 +00:00 [DBG] is empty: True
2024-03-25 18:42:19.152 +00:00 [DBG] Finished sending batches of analytics to pinpoint.
2024-03-25 19:42:19.119 +00:00 [DBG] Sending Metrics batches
2024-03-25 19:42:19.138 +00:00 [DBG] Checking if table MetricsTable is empty
2024-03-25 19:42:19.142 +00:00 [DBG] is empty: True
2024-03-25 19:42:19.143 +00:00 [DBG] Finished sending batches of metrics to cloudwatch.
2024-03-25 19:42:19.143 +00:00 [DBG] Sending Analytics Batches
2024-03-25 19:42:19.145 +00:00 [DBG] Checking if table AnalyticsTable is empty
2024-03-25 19:42:19.146 +00:00 [DBG] is empty: True
2024-03-25 19:42:19.146 +00:00 [DBG] Finished sending batches of analytics to pinpoint.
2024-03-25 19:55:14.676 +00:00 [DBG] AcvcHelperOutLog doesn't exist. Skipping
2024-03-25 19:55:14.680 +00:00 [DBG] AcvcHelperErrLog doesn't exist. Skipping
2024-03-25 19:55:14.720 +00:00 [DBG] Total logs size (MB): {0}29
2024-03-25 19:55:14.745 +00:00 [DBG] Inserted event LOG_DISK_USAGE 29 to MetricsTable
2024-03-25 19:55:14.759 +00:00 [DBG] Inserted event LOG_DISK_USAGE_INFO 29 to AnalyticsTable
2024-03-25 20:00:02.772 +00:00 [DBG] System will sleep. Connection state: Disconnected
2024-03-25 23:10:12.614 +00:00 [DBG] System did wake. Connection state: Disconnected
2024-03-25 23:27:50.463 +00:00 [DBG] Sending Metrics batches
2024-03-25 23:27:50.488 +00:00 [DBG] Checking if table MetricsTable is empty
2024-03-25 23:27:50.493 +00:00 [DBG] is empty: False
2024-03-25 23:27:50.499 +00:00 [DBG] Metrics event batch successfully created, sending metrics
2024-03-25 23:27:50.501 +00:00 [DBG] metrics region already exists in app: eu-central-1
2024-03-25 23:27:50.501 +00:00 [DBG] Sending metrics batch async
2024-03-25 23:27:50.502 +00:00 [DBG] OS: MacOS
2024-03-25 23:27:50.504 +00:00 [DBG] Metrics data request created
2024-03-25 23:27:50.538 +00:00 [DBG] Sending Analytics Batches
2024-03-25 23:27:50.544 +00:00 [DBG] Checking if table AnalyticsTable is empty
2024-03-25 23:27:50.545 +00:00 [DBG] is empty: False
2024-03-25 23:27:50.552 +00:00 [DBG] Analytics event batch successfully created, sending analytics
2024-03-25 23:27:50.553 +00:00 [DBG] Sending analytics batch async
2024-03-25 23:27:50.553 +00:00 [DBG] metrics region already exists in app: eu-central-1
2024-03-25 23:27:50.553 +00:00 [DBG] Pinpoint endpoint ID already exists
2024-03-25 23:27:50.553 +00:00 [DBG] OSVersion: Unix 22.4.0.0
2024-03-25 23:27:50.553 +00:00 [DBG] OS: MacOS
2024-03-25 23:27:50.553 +00:00 [DBG] Endpoint ID: eu-central-1:0db0e430-13d5-c2e9-a39c-ec0919c6134e
2024-03-25 23:27:50.553 +00:00 [DBG] Pinpoint endpoint id: eu-central-1:0db0e430-13d5-c2e9-a39c-ec0919c6134e
2024-03-25 23:27:50.554 +00:00 [DBG] metrics region already exists in app: eu-central-1
2024-03-25 23:27:50.558 +00:00 [DBG] OS: MacOS
2024-03-25 23:27:50.559 +00:00 [DBG] metrics region already exists in app: eu-central-1
2024-03-25 23:27:50.978 +00:00 [DBG] Caching credentials.
2024-03-25 23:27:51.314 +00:00 [DBG] CloudWatch response received
2024-03-25 23:27:51.315 +00:00 [DBG] CloudWatch response status code: OK
2024-03-25 23:27:51.315 +00:00 [DBG] successfully put metrics to cloudwatch
2024-03-25 23:27:51.315 +00:00 [DBG] Deleting successfully sent batch of metric events
2024-03-25 23:27:51.335 +00:00 [DBG] Checking if table MetricsTable is empty
2024-03-25 23:27:51.335 +00:00 [DBG] 3/25/2024 11:27:51 PM Accepted
2024-03-25 23:27:51.340 +00:00 [DBG] successfully put analytics to pinpoint
2024-03-25 23:27:51.340 +00:00 [DBG] is empty: True
2024-03-25 23:27:51.340 +00:00 [DBG] Events batch was accepted. Checking individual events for accepted status.
2024-03-25 23:27:51.341 +00:00 [DBG] Finished sending batches of metrics to cloudwatch.
2024-03-25 23:27:51.349 +00:00 [DBG] Checking if table AnalyticsTable is empty
2024-03-25 23:27:51.351 +00:00 [DBG] is empty: True
2024-03-25 23:27:51.351 +00:00 [DBG] Finished sending batches of analytics to pinpoint.
2024-03-25 23:34:04.596 +00:00 [DBG] System will sleep. Connection state: Disconnected
