2024-03-03 23:38:07.679 +00:00 [DBG] >LOG:1709377995,D,MANAGEMENT: CMD 'status'
2024-03-03 23:38:07.708 +00:00 [DBG] >LOG:1709509087,D,MANAGEMENT: CMD 'echo on'
2024-03-03 23:38:07.708 +00:00 [DBG] >LOG:1709509087,D,MANAGEMENT: CMD ''
2024-03-03 23:38:10.415 +00:00 [DBG] >LOG:1709509090,,VERIFY OK: depth=1, CN=ishchenkogv
2024-03-03 23:38:10.415 +00:00 [DBG] >LOG:1709509090,,VERIFY KU OK
2024-03-03 23:38:10.415 +00:00 [DBG] >LOG:1709509090,,Validating certificate extended key usage
2024-03-03 23:38:10.415 +00:00 [DBG] >LOG:1709509090,,++ Certificate has EKU (str) TLS Web Server Authentication, expects TLS Web Server Authentication
2024-03-03 23:38:10.415 +00:00 [DBG] >LOG:1709509090,,VERIFY EKU OK
2024-03-03 23:38:10.415 +00:00 [DBG] >LOG:1709509090,,VERIFY X509NAME OK: CN=server
2024-03-03 23:38:10.415 +00:00 [DBG] >LOG:1709509090,,VERIFY OK: depth=0, CN=server
2024-03-03 23:38:10.527 +00:00 [DBG] >LOG:1709509090,,Control Channel: TLSv1.2, cipher TLSv1/SSLv3 ECDHE-RSA-AES256-GCM-SHA384, 2048 bit RSA
2024-03-03 23:38:10.527 +00:00 [DBG] >LOG:1709509090,I,[server] Peer Connection Initiated with [AF_INET]3.74.138.27:443
2024-03-03 23:38:11.799 +00:00 [DBG] >LOG:1709509091,,MANAGEMENT: >STATE:1709509091,GET_CONFIG,,,,,,
2024-03-03 23:38:11.799 +00:00 [DBG] >LOG:1709509091,,SENT CONTROL [server]: 'PUSH_REQUEST' (status=1)
2024-03-03 23:38:17.546 +00:00 [DBG] >LOG:1709509091,,PUSH: Received control message: 'PUSH_REPLY,route 172.31.0.0 255.255.0.0,route-gateway 10.0.0.33,topology subnet,ping 1,ping-restart 20,echo,ifconfig 10.0.0.34 255.255.255.224,peer-id 0,cipher AES-256-GCM'
2024-03-03 23:38:17.554 +00:00 [DBG] >LOG:1709509091,,OPTIONS IMPORT: timers and/or timeouts modified
2024-03-03 23:38:17.554 +00:00 [DBG] >LOG:1709509091,,OPTIONS IMPORT: --ifconfig/up options modified
2024-03-03 23:38:17.554 +00:00 [DBG] >LOG:1709509091,,OPTIONS IMPORT: route options modified
2024-03-03 23:38:17.554 +00:00 [DBG] >LOG:1709509091,,OPTIONS IMPORT: route-related options modified
2024-03-03 23:38:17.554 +00:00 [DBG] >LOG:1709509091,,OPTIONS IMPORT: peer-id set
2024-03-03 23:38:17.554 +00:00 [DBG] >LOG:1709509091,,OPTIONS IMPORT: adjusting link_mtu to 1624
2024-03-03 23:38:17.554 +00:00 [DBG] >LOG:1709509091,,OPTIONS IMPORT: data channel crypto options modified
2024-03-03 23:38:17.554 +00:00 [DBG] >LOG:1709509091,,Outgoing Data Channel: Cipher 'AES-256-GCM' initialized with 256 bit key
2024-03-03 23:38:17.554 +00:00 [DBG] >LOG:1709509091,,Incoming Data Channel: Cipher 'AES-256-GCM' initialized with 256 bit key
2024-03-03 23:38:17.554 +00:00 [DBG] >LOG:1709509091,,ROUTE_GATEWAY 192.168.1.1/255.255.255.0 IFACE=en0 HWADDR=bc:d0:74:79:6b:44
2024-03-03 23:38:17.554 +00:00 [DBG] >LOG:1709509091,,Opening utun (connect(AF_SYS_CONTROL)): Resource busy (errno=16)
2024-03-03 23:38:17.554 +00:00 [DBG] >LOG:1709509091,,Opening utun (connect(AF_SYS_CONTROL)): Resource busy (errno=16)
2024-03-03 23:38:17.554 +00:00 [DBG] >LOG:1709509091,,Opening utun (connect(AF_SYS_CONTROL)): Resource busy (errno=16)
2024-03-03 23:38:17.554 +00:00 [DBG] >LOG:1709509091,,Opening utun (connect(AF_SYS_CONTROL)): Resource busy (errno=16)
2024-03-03 23:38:17.555 +00:00 [DBG] >LOG:1709509091,,Opening utun (connect(AF_SYS_CONTROL)): Resource busy (errno=16)
2024-03-03 23:38:17.555 +00:00 [DBG] >LOG:1709509091,,Opening utun (connect(AF_SYS_CONTROL)): Resource busy (errno=16)
2024-03-03 23:38:17.555 +00:00 [DBG] >LOG:1709509091,,Opening utun (connect(AF_SYS_CONTROL)): Resource busy (errno=16)
2024-03-03 23:38:17.555 +00:00 [DBG] >LOG:1709509091,I,Opened utun device utun7
2024-03-03 23:38:17.555 +00:00 [DBG] >LOG:1709509091,D,do_ifconfig, tt->did_ifconfig_ipv6_setup=0
2024-03-03 23:38:17.555 +00:00 [DBG] >LOG:1709509091,,MANAGEMENT: >STATE:1709509091,ASSIGN_IP,,10.0.0.34,,,,
2024-03-03 23:38:17.555 +00:00 [DBG] >LOG:1709509091,I,/sbin/ifconfig utun7 delete
2024-03-03 23:38:17.555 +00:00 [DBG] >LOG:1709509092,I,NOTE: Tried to delete pre-existing tun/tap instance -- No Problem if failure
2024-03-03 23:38:17.555 +00:00 [DBG] >LOG:1709509092,I,/sbin/ifconfig utun7 10.0.0.34 10.0.0.34 netmask 255.255.255.224 mtu 1500 up
2024-03-03 23:38:17.555 +00:00 [DBG] >LOG:1709509092,,/sbin/route add -net 10.0.0.32 10.0.0.34 255.255.255.224
2024-03-03 23:38:17.555 +00:00 [DBG] >LOG:1709509092,I,/Applications/AWS VPN Client/AWS VPN Client.app/Contents/Resources/openvpn/client.up utun7 1500 1552 10.0.0.34 255.255.255.224 init
2024-03-03 23:38:17.556 +00:00 [DBG] >LOG:1709509097,,MANAGEMENT: >STATE:1709509097,ADD_ROUTES,,,,,,
2024-03-03 23:38:17.556 +00:00 [DBG] >LOG:1709509097,,/sbin/route add -net 172.31.0.0 10.0.0.33 255.255.0.0
2024-03-03 23:38:17.556 +00:00 [DBG] >LOG:1709509097,W,WARNING: this configuration may cache passwords in memory -- use the auth-nocache option to prevent this
2024-03-03 23:38:17.556 +00:00 [DBG] >LOG:1709509097,I,Initialization Sequence Completed
2024-03-03 23:38:17.556 +00:00 [DBG] >LOG:1709509097,,MANAGEMENT: >STATE:1709509097,CONNECTED,SUCCESS,10.0.0.34,3.74.138.27,443,,
2024-03-03 23:38:18.669 +00:00 [DBG] >LOG:1709509097,D,MANAGEMENT: CMD 'status'
2024-03-03 23:38:18.687 +00:00 [DBG] >LOG:1709509098,D,MANAGEMENT: CMD 'status'
2024-03-03 23:38:19.211 +00:00 [DBG] >LOG:1709509099,D,MANAGEMENT: CMD 'status'
2024-03-03 23:38:19.754 +00:00 [DBG] >LOG:1709509099,D,MANAGEMENT: CMD 'status'
2024-03-03 23:38:20.285 +00:00 [DBG] >LOG:1709509100,D,MANAGEMENT: CMD 'status'
2024-03-03 23:38:20.854 +00:00 [DBG] >LOG:1709509100,D,MANAGEMENT: CMD 'status'
2024-03-03 23:38:21.400 +00:00 [DBG] >LOG:1709509101,D,MANAGEMENT: CMD 'status'
2024-03-03 23:38:22.147 +00:00 [DBG] >LOG:1709509102,D,MANAGEMENT: CMD 'status'
2024-03-03 23:38:22.724 +00:00 [DBG] >LOG:1709509102,D,MANAGEMENT: CMD 'status'
2024-03-03 23:38:23.255 +00:00 [DBG] >LOG:1709509103,D,MANAGEMENT: CMD 'status'
2024-03-03 23:38:23.861 +00:00 [DBG] >LOG:1709509103,D,MANAGEMENT: CMD 'status'
2024-03-03 23:38:24.377 +00:00 [DBG] >LOG:1709509104,D,MANAGEMENT: CMD 'status'
2024-03-03 23:38:25.044 +00:00 [DBG] >LOG:1709509105,D,MANAGEMENT: CMD 'status'
2024-03-03 23:38:25.550 +00:00 [DBG] >LOG:1709509105,D,MANAGEMENT: CMD 'status'
2024-03-03 23:38:26.096 +00:00 [DBG] >LOG:1709509106,D,MANAGEMENT: CMD 'status'
2024-03-03 23:38:26.687 +00:00 [DBG] >LOG:1709509106,D,MANAGEMENT: CMD 'status'
2024-03-03 23:38:27.247 +00:00 [DBG] >LOG:1709509107,D,MANAGEMENT: CMD 'status'
2024-03-03 23:38:27.790 +00:00 [DBG] >LOG:1709509107,D,MANAGEMENT: CMD 'status'
2024-03-03 23:38:28.329 +00:00 [DBG] >LOG:1709509108,D,MANAGEMENT: CMD 'status'
2024-03-03 23:38:29.004 +00:00 [DBG] >LOG:1709509108,D,MANAGEMENT: CMD 'status'
2024-03-03 23:38:29.521 +00:00 [DBG] >LOG:1709509109,D,MANAGEMENT: CMD 'status'
2024-03-03 23:38:30.033 +00:00 [DBG] >LOG:1709509110,D,MANAGEMENT: CMD 'status'
2024-03-03 23:38:30.668 +00:00 [DBG] >LOG:1709509110,D,MANAGEMENT: CMD 'status'
2024-03-03 23:38:31.174 +00:00 [DBG] >LOG:1709509111,D,MANAGEMENT: CMD 'status'
2024-03-03 23:38:31.923 +00:00 [DBG] >LOG:1709509111,D,MANAGEMENT: CMD 'status'
2024-03-03 23:38:32.452 +00:00 [DBG] >LOG:1709509112,D,MANAGEMENT: CMD 'status'
2024-03-03 23:38:32.960 +00:00 [DBG] >LOG:1709509112,D,MANAGEMENT: CMD 'status'
2024-03-03 23:38:33.471 +00:00 [DBG] >LOG:1709509113,D,MANAGEMENT: CMD 'status'
2024-03-03 23:38:34.031 +00:00 [DBG] >LOG:1709509114,D,MANAGEMENT: CMD 'status'
2024-03-03 23:38:34.543 +00:00 [DBG] >LOG:1709509114,D,MANAGEMENT: CMD 'status'
2024-03-03 23:38:35.059 +00:00 [DBG] >LOG:1709509115,D,MANAGEMENT: CMD 'status'
2024-03-03 23:38:35.605 +00:00 [DBG] >LOG:1709509115,D,MANAGEMENT: CMD 'status'
2024-03-03 23:38:36.119 +00:00 [DBG] >LOG:1709509116,D,MANAGEMENT: CMD 'status'
2024-03-03 23:38:36.635 +00:00 [DBG] >LOG:1709509116,D,MANAGEMENT: CMD 'status'
2024-03-03 23:38:37.251 +00:00 [DBG] >LOG:1709509117,D,MANAGEMENT: CMD 'status'
2024-03-03 23:38:37.792 +00:00 [DBG] >LOG:1709509117,D,MANAGEMENT: CMD 'status'
2024-03-03 23:38:38.401 +00:00 [DBG] >LOG:1709509118,D,MANAGEMENT: CMD 'status'
2024-03-03 23:38:39.021 +00:00 [DBG] >LOG:1709509119,D,MANAGEMENT: CMD 'status'
2024-03-03 23:38:39.552 +00:00 [DBG] >LOG:1709509119,D,MANAGEMENT: CMD 'status'
2024-03-03 23:38:40.228 +00:00 [DBG] >LOG:1709509120,D,MANAGEMENT: CMD 'status'
2024-03-03 23:38:40.852 +00:00 [DBG] >LOG:1709509120,D,MANAGEMENT: CMD 'status'
2024-03-03 23:38:41.375 +00:00 [DBG] >LOG:1709509121,D,MANAGEMENT: CMD 'status'
2024-03-03 23:38:41.896 +00:00 [DBG] >LOG:1709509121,D,MANAGEMENT: CMD 'status'
2024-03-03 23:38:42.467 +00:00 [DBG] >LOG:1709509122,D,MANAGEMENT: CMD 'status'
2024-03-03 23:38:43.113 +00:00 [DBG] >LOG:1709509123,D,MANAGEMENT: CMD 'status'
2024-03-03 23:38:43.651 +00:00 [DBG] >LOG:1709509123,D,MANAGEMENT: CMD 'status'
2024-03-03 23:38:44.317 +00:00 [DBG] >LOG:1709509124,D,MANAGEMENT: CMD 'status'
2024-03-03 23:38:44.845 +00:00 [DBG] >LOG:1709509124,D,MANAGEMENT: CMD 'status'
2024-03-03 23:38:45.395 +00:00 [DBG] >LOG:1709509125,D,MANAGEMENT: CMD 'status'
2024-03-03 23:38:45.914 +00:00 [DBG] >LOG:1709509125,D,MANAGEMENT: CMD 'status'
2024-03-03 23:38:46.433 +00:00 [DBG] >LOG:1709509126,D,MANAGEMENT: CMD 'status'
2024-03-03 23:38:46.951 +00:00 [DBG] >LOG:1709509126,D,MANAGEMENT: CMD 'status'
2024-03-03 23:38:47.651 +00:00 [DBG] >LOG:1709509127,D,MANAGEMENT: CMD 'status'
2024-03-03 23:38:48.198 +00:00 [DBG] >LOG:1709509128,D,MANAGEMENT: CMD 'status'
2024-03-03 23:38:48.919 +00:00 [DBG] >LOG:1709509128,D,MANAGEMENT: CMD 'status'
2024-03-03 23:38:49.434 +00:00 [DBG] >LOG:1709509129,D,MANAGEMENT: CMD 'status'
2024-03-03 23:38:49.957 +00:00 [DBG] >LOG:1709509129,D,MANAGEMENT: CMD 'status'
2024-03-03 23:38:50.576 +00:00 [DBG] >LOG:1709509130,D,MANAGEMENT: CMD 'status'
2024-03-03 23:38:51.099 +00:00 [DBG] >LOG:1709509131,D,MANAGEMENT: CMD 'status'
2024-03-03 23:38:51.665 +00:00 [DBG] >LOG:1709509131,D,MANAGEMENT: CMD 'status'
2024-03-03 23:38:52.208 +00:00 [DBG] >LOG:1709509132,D,MANAGEMENT: CMD 'status'
2024-03-03 23:38:52.763 +00:00 [DBG] >LOG:1709509132,D,MANAGEMENT: CMD 'status'
2024-03-03 23:38:53.337 +00:00 [DBG] >LOG:1709509133,D,MANAGEMENT: CMD 'status'
2024-03-03 23:38:53.859 +00:00 [DBG] >LOG:1709509133,D,MANAGEMENT: CMD 'status'
2024-03-03 23:38:54.394 +00:00 [DBG] >LOG:1709509134,D,MANAGEMENT: CMD 'status'
2024-03-03 23:38:55.024 +00:00 [DBG] >LOG:1709509135,D,MANAGEMENT: CMD 'status'
2024-03-03 23:38:55.539 +00:00 [DBG] >LOG:1709509135,D,MANAGEMENT: CMD 'status'
2024-03-03 23:38:56.068 +00:00 [DBG] >LOG:1709509136,D,MANAGEMENT: CMD 'status'
2024-03-03 23:38:56.729 +00:00 [DBG] >LOG:1709509136,D,MANAGEMENT: CMD 'status'
2024-03-03 23:38:57.290 +00:00 [DBG] >LOG:1709509137,D,MANAGEMENT: CMD 'status'
2024-03-03 23:38:57.865 +00:00 [DBG] >LOG:1709509137,D,MANAGEMENT: CMD 'status'
2024-03-03 23:38:58.420 +00:00 [DBG] >LOG:1709509138,D,MANAGEMENT: CMD 'status'
2024-03-03 23:38:59.087 +00:00 [DBG] >LOG:1709509138,D,MANAGEMENT: CMD 'status'
2024-03-03 23:38:59.681 +00:00 [DBG] >LOG:1709509139,D,MANAGEMENT: CMD 'status'
2024-03-03 23:39:00.243 +00:00 [DBG] >LOG:1709509140,D,MANAGEMENT: CMD 'status'
2024-03-03 23:39:00.775 +00:00 [DBG] >LOG:1709509140,D,MANAGEMENT: CMD 'status'
2024-03-03 23:39:01.481 +00:00 [DBG] >LOG:1709509141,D,MANAGEMENT: CMD 'status'
2024-03-03 23:39:02.031 +00:00 [DBG] >LOG:1709509142,D,MANAGEMENT: CMD 'status'
2024-03-03 23:39:02.739 +00:00 [DBG] >LOG:1709509142,D,MANAGEMENT: CMD 'status'
2024-03-03 23:39:03.431 +00:00 [DBG] >LOG:1709509143,D,MANAGEMENT: CMD 'status'
2024-03-03 23:39:03.935 +00:00 [DBG] >LOG:1709509143,D,MANAGEMENT: CMD 'status'
2024-03-03 23:39:04.440 +00:00 [DBG] >LOG:1709509144,D,MANAGEMENT: CMD 'status'
2024-03-03 23:39:04.957 +00:00 [DBG] >LOG:1709509144,D,MANAGEMENT: CMD 'status'
2024-03-03 23:39:05.459 +00:00 [DBG] >LOG:1709509145,D,MANAGEMENT: CMD 'status'
2024-03-03 23:39:05.963 +00:00 [DBG] >LOG:1709509145,D,MANAGEMENT: CMD 'status'
2024-03-03 23:39:06.466 +00:00 [DBG] >LOG:1709509146,D,MANAGEMENT: CMD 'status'
2024-03-03 23:39:06.971 +00:00 [DBG] >LOG:1709509146,D,MANAGEMENT: CMD 'status'
2024-03-03 23:39:07.475 +00:00 [DBG] >LOG:1709509147,D,MANAGEMENT: CMD 'status'
2024-03-03 23:39:07.980 +00:00 [DBG] >LOG:1709509147,D,MANAGEMENT: CMD 'status'
2024-03-03 23:39:08.485 +00:00 [DBG] >LOG:1709509148,D,MANAGEMENT: CMD 'status'
2024-03-03 23:39:08.991 +00:00 [DBG] >LOG:1709509148,D,MANAGEMENT: CMD 'status'
2024-03-03 23:39:09.495 +00:00 [DBG] >LOG:1709509149,D,MANAGEMENT: CMD 'status'
2024-03-03 23:39:10.002 +00:00 [DBG] >LOG:1709509150,D,MANAGEMENT: CMD 'status'
2024-03-03 23:39:10.507 +00:00 [DBG] >LOG:1709509150,D,MANAGEMENT: CMD 'status'
2024-03-03 23:39:11.019 +00:00 [DBG] >LOG:1709509151,D,MANAGEMENT: CMD 'status'
2024-03-03 23:39:11.526 +00:00 [DBG] >LOG:1709509151,D,MANAGEMENT: CMD 'status'
2024-03-03 23:39:12.034 +00:00 [DBG] >LOG:1709509152,D,MANAGEMENT: CMD 'status'
2024-03-03 23:39:12.537 +00:00 [DBG] >LOG:1709509152,D,MANAGEMENT: CMD 'status'
2024-03-03 23:39:13.045 +00:00 [DBG] >LOG:1709509153,D,MANAGEMENT: CMD 'status'
2024-03-03 23:39:13.552 +00:00 [DBG] >LOG:1709509153,D,MANAGEMENT: CMD 'status'
2024-03-03 23:39:14.059 +00:00 [DBG] >LOG:1709509154,D,MANAGEMENT: CMD 'status'
2024-03-03 23:39:14.568 +00:00 [DBG] >LOG:1709509154,D,MANAGEMENT: CMD 'status'
2024-03-03 23:39:15.072 +00:00 [DBG] >LOG:1709509155,D,MANAGEMENT: CMD 'status'
2024-03-03 23:39:15.575 +00:00 [DBG] >LOG:1709509155,D,MANAGEMENT: CMD 'status'
2024-03-03 23:39:16.082 +00:00 [DBG] >LOG:1709509156,D,MANAGEMENT: CMD 'status'
2024-03-03 23:39:16.588 +00:00 [DBG] >LOG:1709509156,D,MANAGEMENT: CMD 'status'
2024-03-03 23:39:17.096 +00:00 [DBG] >LOG:1709509157,D,MANAGEMENT: CMD 'status'
2024-03-03 23:39:17.601 +00:00 [DBG] >LOG:1709509157,D,MANAGEMENT: CMD 'status'
2024-03-03 23:39:18.105 +00:00 [DBG] >LOG:1709509158,D,MANAGEMENT: CMD 'status'
2024-03-03 23:39:18.608 +00:00 [DBG] >LOG:1709509158,D,MANAGEMENT: CMD 'status'
2024-03-03 23:39:19.113 +00:00 [DBG] >LOG:1709509159,D,MANAGEMENT: CMD 'status'
2024-03-03 23:39:19.622 +00:00 [DBG] >LOG:1709509159,D,MANAGEMENT: CMD 'status'
2024-03-03 23:39:20.129 +00:00 [DBG] >LOG:1709509160,D,MANAGEMENT: CMD 'status'
2024-03-03 23:39:20.638 +00:00 [DBG] >LOG:1709509160,D,MANAGEMENT: CMD 'status'
2024-03-03 23:39:21.142 +00:00 [DBG] >LOG:1709509161,D,MANAGEMENT: CMD 'status'
2024-03-03 23:39:21.647 +00:00 [DBG] >LOG:1709509161,D,MANAGEMENT: CMD 'status'
2024-03-03 23:39:22.154 +00:00 [DBG] >LOG:1709509162,D,MANAGEMENT: CMD 'status'
2024-03-03 23:39:22.661 +00:00 [DBG] >LOG:1709509162,D,MANAGEMENT: CMD 'status'
2024-03-03 23:39:23.178 +00:00 [DBG] >LOG:1709509163,D,MANAGEMENT: CMD 'status'
2024-03-03 23:39:23.688 +00:00 [DBG] >LOG:1709509163,D,MANAGEMENT: CMD 'status'
2024-03-03 23:39:24.194 +00:00 [DBG] >LOG:1709509164,D,MANAGEMENT: CMD 'status'
2024-03-03 23:39:24.699 +00:00 [DBG] >LOG:1709509164,D,MANAGEMENT: CMD 'status'
2024-03-03 23:39:25.204 +00:00 [DBG] >LOG:1709509165,D,MANAGEMENT: CMD 'status'
2024-03-03 23:39:25.712 +00:00 [DBG] >LOG:1709509165,D,MANAGEMENT: CMD 'status'
2024-03-03 23:39:26.221 +00:00 [DBG] >LOG:1709509166,D,MANAGEMENT: CMD 'status'
2024-03-03 23:39:26.730 +00:00 [DBG] >LOG:1709509166,D,MANAGEMENT: CMD 'status'
2024-03-03 23:39:27.238 +00:00 [DBG] >LOG:1709509167,D,MANAGEMENT: CMD 'status'
2024-03-03 23:39:27.746 +00:00 [DBG] >LOG:1709509167,D,MANAGEMENT: CMD 'status'
2024-03-03 23:39:28.250 +00:00 [DBG] >LOG:1709509168,D,MANAGEMENT: CMD 'status'
2024-03-03 23:39:28.753 +00:00 [DBG] >LOG:1709509168,D,MANAGEMENT: CMD 'status'
2024-03-03 23:39:29.261 +00:00 [DBG] >LOG:1709509169,D,MANAGEMENT: CMD 'status'
2024-03-03 23:39:29.770 +00:00 [DBG] >LOG:1709509169,D,MANAGEMENT: CMD 'status'
2024-03-03 23:39:30.317 +00:00 [DBG] >LOG:1709509170,D,MANAGEMENT: CMD 'status'
2024-03-03 23:39:30.826 +00:00 [DBG] >LOG:1709509170,D,MANAGEMENT: CMD 'status'
2024-03-03 23:39:31.335 +00:00 [DBG] >LOG:1709509171,D,MANAGEMENT: CMD 'status'
2024-03-03 23:39:31.844 +00:00 [DBG] >LOG:1709509171,D,MANAGEMENT: CMD 'status'
2024-03-03 23:39:32.417 +00:00 [DBG] >LOG:1709509172,D,MANAGEMENT: CMD 'status'
2024-03-03 23:39:32.967 +00:00 [DBG] >LOG:1709509172,D,MANAGEMENT: CMD 'status'
2024-03-03 23:39:33.476 +00:00 [DBG] >LOG:1709509173,D,MANAGEMENT: CMD 'status'
2024-03-03 23:39:33.984 +00:00 [DBG] >LOG:1709509173,D,MANAGEMENT: CMD 'status'
2024-03-03 23:39:34.558 +00:00 [DBG] >LOG:1709509174,D,MANAGEMENT: CMD 'status'
2024-03-03 23:39:35.149 +00:00 [DBG] >LOG:1709509175,D,MANAGEMENT: CMD 'status'
2024-03-03 23:39:35.657 +00:00 [DBG] >LOG:1709509175,D,MANAGEMENT: CMD 'status'
2024-03-03 23:39:36.176 +00:00 [DBG] >LOG:1709509176,D,MANAGEMENT: CMD 'status'
2024-03-03 23:39:36.686 +00:00 [DBG] >LOG:1709509176,D,MANAGEMENT: CMD 'status'
2024-03-03 23:39:37.194 +00:00 [DBG] >LOG:1709509177,D,MANAGEMENT: CMD 'status'
2024-03-03 23:39:37.699 +00:00 [DBG] >LOG:1709509177,D,MANAGEMENT: CMD 'status'
2024-03-03 23:39:38.213 +00:00 [DBG] >LOG:1709509178,D,MANAGEMENT: CMD 'status'
2024-03-03 23:39:38.718 +00:00 [DBG] >LOG:1709509178,D,MANAGEMENT: CMD 'status'
2024-03-03 23:39:41.759 +00:00 [DBG] >LOG:1709509181,D,MANAGEMENT: CMD 'status'
2024-03-03 23:39:42.264 +00:00 [DBG] >LOG:1709509182,D,MANAGEMENT: CMD 'status'
2024-03-03 23:39:42.773 +00:00 [DBG] >LOG:1709509182,D,MANAGEMENT: CMD 'status'
2024-03-03 23:39:43.279 +00:00 [DBG] >LOG:1709509183,D,MANAGEMENT: CMD 'status'
2024-03-03 23:39:43.797 +00:00 [DBG] >LOG:1709509183,D,MANAGEMENT: CMD 'status'
2024-03-03 23:39:44.304 +00:00 [DBG] >LOG:1709509184,D,MANAGEMENT: CMD 'status'
2024-03-03 23:39:44.811 +00:00 [DBG] >LOG:1709509184,D,MANAGEMENT: CMD 'status'
2024-03-03 23:39:45.318 +00:00 [DBG] >LOG:1709509185,D,MANAGEMENT: CMD 'status'
2024-03-03 23:39:45.823 +00:00 [DBG] >LOG:1709509185,D,MANAGEMENT: CMD 'status'
2024-03-03 23:39:46.330 +00:00 [DBG] >LOG:1709509186,D,MANAGEMENT: CMD 'status'
2024-03-03 23:39:46.838 +00:00 [DBG] >LOG:1709509186,D,MANAGEMENT: CMD 'status'
2024-03-03 23:39:47.347 +00:00 [DBG] >LOG:1709509187,D,MANAGEMENT: CMD 'status'
2024-03-03 23:39:47.857 +00:00 [DBG] >LOG:1709509187,D,MANAGEMENT: CMD 'status'
2024-03-03 23:39:48.367 +00:00 [DBG] >LOG:1709509188,D,MANAGEMENT: CMD 'status'
2024-03-03 23:39:48.890 +00:00 [DBG] >LOG:1709509188,D,MANAGEMENT: CMD 'status'
2024-03-03 23:39:49.400 +00:00 [DBG] >LOG:1709509189,D,MANAGEMENT: CMD 'status'
2024-03-03 23:39:49.912 +00:00 [DBG] >LOG:1709509189,D,MANAGEMENT: CMD 'status'
2024-03-03 23:39:50.432 +00:00 [DBG] >LOG:1709509190,D,MANAGEMENT: CMD 'status'
2024-03-03 23:39:50.941 +00:00 [DBG] >LOG:1709509190,D,MANAGEMENT: CMD 'status'
2024-03-03 23:39:51.451 +00:00 [DBG] >LOG:1709509191,D,MANAGEMENT: CMD 'status'
2024-03-03 23:39:51.960 +00:00 [DBG] >LOG:1709509191,D,MANAGEMENT: CMD 'status'
2024-03-03 23:39:52.474 +00:00 [DBG] >LOG:1709509192,D,MANAGEMENT: CMD 'status'
2024-03-03 23:39:52.981 +00:00 [DBG] >LOG:1709509192,D,MANAGEMENT: CMD 'status'
2024-03-03 23:39:53.490 +00:00 [DBG] >LOG:1709509193,D,MANAGEMENT: CMD 'status'
2024-03-03 23:39:53.998 +00:00 [DBG] >LOG:1709509193,D,MANAGEMENT: CMD 'status'
2024-03-03 23:39:54.507 +00:00 [DBG] >LOG:1709509194,D,MANAGEMENT: CMD 'status'
2024-03-03 23:39:55.018 +00:00 [DBG] >LOG:1709509195,D,MANAGEMENT: CMD 'status'
2024-03-03 23:39:55.527 +00:00 [DBG] >LOG:1709509195,D,MANAGEMENT: CMD 'status'
2024-03-03 23:39:56.042 +00:00 [DBG] >LOG:1709509196,D,MANAGEMENT: CMD 'status'
2024-03-03 23:39:56.556 +00:00 [DBG] >LOG:1709509196,D,MANAGEMENT: CMD 'status'
2024-03-03 23:39:57.064 +00:00 [DBG] >LOG:1709509197,D,MANAGEMENT: CMD 'status'
2024-03-03 23:39:57.573 +00:00 [DBG] >LOG:1709509197,D,MANAGEMENT: CMD 'status'
2024-03-03 23:39:58.080 +00:00 [DBG] >LOG:1709509198,D,MANAGEMENT: CMD 'status'
2024-03-03 23:39:58.589 +00:00 [DBG] >LOG:1709509198,D,MANAGEMENT: CMD 'status'
2024-03-03 23:39:59.097 +00:00 [DBG] >LOG:1709509199,D,MANAGEMENT: CMD 'status'
2024-03-03 23:39:59.613 +00:00 [DBG] >LOG:1709509199,D,MANAGEMENT: CMD 'status'
2024-03-03 23:40:00.119 +00:00 [DBG] >LOG:1709509200,D,MANAGEMENT: CMD 'status'
2024-03-03 23:40:00.626 +00:00 [DBG] >LOG:1709509200,D,MANAGEMENT: CMD 'status'
2024-03-03 23:40:01.134 +00:00 [DBG] >LOG:1709509201,D,MANAGEMENT: CMD 'status'
2024-03-03 23:40:01.648 +00:00 [DBG] >LOG:1709509201,D,MANAGEMENT: CMD 'status'
2024-03-03 23:40:02.156 +00:00 [DBG] >LOG:1709509202,D,MANAGEMENT: CMD 'status'
2024-03-03 23:40:02.689 +00:00 [DBG] >LOG:1709509202,D,MANAGEMENT: CMD 'status'
2024-03-03 23:40:03.210 +00:00 [DBG] >LOG:1709509203,D,MANAGEMENT: CMD 'status'
2024-03-03 23:40:03.720 +00:00 [DBG] >LOG:1709509203,D,MANAGEMENT: CMD 'status'
2024-03-03 23:40:04.251 +00:00 [DBG] >LOG:1709509204,D,MANAGEMENT: CMD 'status'
2024-03-03 23:40:04.782 +00:00 [DBG] >LOG:1709509204,D,MANAGEMENT: CMD 'status'
2024-03-03 23:40:05.292 +00:00 [DBG] >LOG:1709509205,D,MANAGEMENT: CMD 'status'
2024-03-03 23:40:05.809 +00:00 [DBG] >LOG:1709509205,D,MANAGEMENT: CMD 'status'
2024-03-03 23:40:06.316 +00:00 [DBG] >LOG:1709509206,D,MANAGEMENT: CMD 'status'
2024-03-03 23:40:06.823 +00:00 [DBG] >LOG:1709509206,D,MANAGEMENT: CMD 'status'
2024-03-03 23:40:07.331 +00:00 [DBG] >LOG:1709509207,D,MANAGEMENT: CMD 'status'
2024-03-03 23:40:07.838 +00:00 [DBG] >LOG:1709509207,D,MANAGEMENT: CMD 'status'
2024-03-03 23:40:08.348 +00:00 [DBG] >LOG:1709509208,D,MANAGEMENT: CMD 'status'
2024-03-03 23:40:08.857 +00:00 [DBG] >LOG:1709509208,D,MANAGEMENT: CMD 'status'
2024-03-03 23:40:09.364 +00:00 [DBG] >LOG:1709509209,D,MANAGEMENT: CMD 'status'
2024-03-03 23:40:09.871 +00:00 [DBG] >LOG:1709509209,D,MANAGEMENT: CMD 'status'
2024-03-03 23:40:10.380 +00:00 [DBG] >LOG:1709509210,D,MANAGEMENT: CMD 'status'
2024-03-03 23:40:10.903 +00:00 [DBG] >LOG:1709509210,D,MANAGEMENT: CMD 'status'
2024-03-03 23:40:11.414 +00:00 [DBG] >LOG:1709509211,D,MANAGEMENT: CMD 'status'
2024-03-03 23:40:11.921 +00:00 [DBG] >LOG:1709509211,D,MANAGEMENT: CMD 'status'
2024-03-03 23:40:12.431 +00:00 [DBG] >LOG:1709509212,D,MANAGEMENT: CMD 'status'
2024-03-03 23:40:12.941 +00:00 [DBG] >LOG:1709509212,D,MANAGEMENT: CMD 'status'
2024-03-03 23:40:13.447 +00:00 [DBG] >LOG:1709509213,D,MANAGEMENT: CMD 'status'
2024-03-03 23:40:13.954 +00:00 [DBG] >LOG:1709509213,D,MANAGEMENT: CMD 'status'
2024-03-03 23:40:14.463 +00:00 [DBG] >LOG:1709509214,D,MANAGEMENT: CMD 'status'
2024-03-03 23:40:14.972 +00:00 [DBG] >LOG:1709509214,D,MANAGEMENT: CMD 'status'
2024-03-03 23:40:15.481 +00:00 [DBG] >LOG:1709509215,D,MANAGEMENT: CMD 'status'
2024-03-03 23:40:15.990 +00:00 [DBG] >LOG:1709509215,D,MANAGEMENT: CMD 'status'
2024-03-03 23:40:16.498 +00:00 [DBG] >LOG:1709509216,D,MANAGEMENT: CMD 'status'
2024-03-03 23:40:17.006 +00:00 [DBG] >LOG:1709509217,D,MANAGEMENT: CMD 'status'
2024-03-03 23:40:17.519 +00:00 [DBG] >LOG:1709509217,D,MANAGEMENT: CMD 'status'
2024-03-03 23:40:18.028 +00:00 [DBG] >LOG:1709509218,D,MANAGEMENT: CMD 'status'
2024-03-03 23:40:18.538 +00:00 [DBG] >LOG:1709509218,D,MANAGEMENT: CMD 'status'
2024-03-03 23:40:19.046 +00:00 [DBG] >LOG:1709509219,D,MANAGEMENT: CMD 'status'
2024-03-03 23:40:19.552 +00:00 [DBG] >LOG:1709509219,D,MANAGEMENT: CMD 'status'
2024-03-03 23:40:20.059 +00:00 [DBG] >LOG:1709509220,D,MANAGEMENT: CMD 'status'
2024-03-03 23:40:20.566 +00:00 [DBG] >LOG:1709509220,D,MANAGEMENT: CMD 'status'
2024-03-03 23:40:21.076 +00:00 [DBG] >LOG:1709509221,D,MANAGEMENT: CMD 'status'
2024-03-03 23:40:21.584 +00:00 [DBG] >LOG:1709509221,D,MANAGEMENT: CMD 'status'
2024-03-03 23:40:22.121 +00:00 [DBG] >LOG:1709509222,D,MANAGEMENT: CMD 'status'
2024-03-03 23:40:22.629 +00:00 [DBG] >LOG:1709509222,D,MANAGEMENT: CMD 'status'
2024-03-03 23:40:23.136 +00:00 [DBG] >LOG:1709509223,D,MANAGEMENT: CMD 'status'
2024-03-03 23:40:23.643 +00:00 [DBG] >LOG:1709509223,D,MANAGEMENT: CMD 'status'
2024-03-03 23:40:24.164 +00:00 [DBG] >LOG:1709509224,D,MANAGEMENT: CMD 'status'
2024-03-03 23:40:24.695 +00:00 [DBG] >LOG:1709509224,D,MANAGEMENT: CMD 'status'
2024-03-03 23:40:25.205 +00:00 [DBG] >LOG:1709509225,D,MANAGEMENT: CMD 'status'
2024-03-03 23:40:25.714 +00:00 [DBG] >LOG:1709509225,D,MANAGEMENT: CMD 'status'
2024-03-03 23:40:26.222 +00:00 [DBG] >LOG:1709509226,D,MANAGEMENT: CMD 'status'
2024-03-03 23:40:26.730 +00:00 [DBG] >LOG:1709509226,D,MANAGEMENT: CMD 'status'
2024-03-03 23:40:27.238 +00:00 [DBG] >LOG:1709509227,D,MANAGEMENT: CMD 'status'
2024-03-03 23:40:27.794 +00:00 [DBG] >LOG:1709509227,D,MANAGEMENT: CMD 'status'
2024-03-03 23:40:28.302 +00:00 [DBG] >LOG:1709509228,D,MANAGEMENT: CMD 'status'
2024-03-03 23:40:28.810 +00:00 [DBG] >LOG:1709509228,D,MANAGEMENT: CMD 'status'
2024-03-03 23:40:29.317 +00:00 [DBG] >LOG:1709509229,D,MANAGEMENT: CMD 'status'
2024-03-03 23:52:12.192 +00:00 [DBG] >LOG:1709509932,D,MANAGEMENT: CMD 'status'
2024-03-03 23:52:12.228 +00:00 [DBG] >LOG:1709509932,I,[server] Inactivity timeout (--ping-restart), restarting
2024-03-03 23:52:12.229 +00:00 [DBG] >LOG:1709509932,,/sbin/route delete -net 172.31.0.0 10.0.0.33 255.255.0.0
2024-03-03 23:52:12.291 +00:00 [DBG] >LOG:1709509932,,Closing TUN/TAP interface
2024-03-03 23:52:12.305 +00:00 [DBG] >LOG:1709509932,I,/Applications/AWS VPN Client/AWS VPN Client.app/Contents/Resources/openvpn/client.down utun7 1500 1552 10.0.0.34 255.255.255.224 init
2024-03-03 23:52:13.768 +00:00 [DBG] >LOG:1709509933,I,SIGUSR1[soft,ping-restart] received, process restarting
2024-03-03 23:52:13.768 +00:00 [DBG] >LOG:1709509933,,MANAGEMENT: >STATE:1709509933,RECONNECTING,ping-restart,,,,,
2024-03-03 23:52:13.853 +00:00 [DBG] >LOG:1709509933,,Restart pause, 5 second(s)
2024-03-03 23:52:13.853 +00:00 [DBG] >LOG:1709509933,D,MANAGEMENT: CMD 'status'
2024-03-03 23:52:13.878 +00:00 [DBG] >LOG:1709509933,D,MANAGEMENT: CMD 'status'
2024-03-03 23:52:14.361 +00:00 [DBG] >LOG:1709509934,D,MANAGEMENT: CMD 'status'
2024-03-03 23:52:14.892 +00:00 [DBG] >LOG:1709509934,D,MANAGEMENT: CMD 'status'
2024-03-03 23:52:15.419 +00:00 [DBG] >LOG:1709509935,D,MANAGEMENT: CMD 'status'
2024-03-03 23:52:15.926 +00:00 [DBG] >LOG:1709509935,D,MANAGEMENT: CMD 'status'
2024-03-03 23:52:16.431 +00:00 [DBG] >LOG:1709509936,D,MANAGEMENT: CMD 'status'
2024-03-03 23:52:16.936 +00:00 [DBG] >LOG:1709509936,D,MANAGEMENT: CMD 'status'
2024-03-03 23:52:17.439 +00:00 [DBG] >LOG:1709509937,D,MANAGEMENT: CMD 'status'
2024-03-03 23:52:17.951 +00:00 [DBG] >LOG:1709509937,D,MANAGEMENT: CMD 'status'
2024-03-03 23:52:18.459 +00:00 [DBG] >LOG:1709509938,D,MANAGEMENT: CMD 'status'
2024-03-03 23:52:18.465 +00:00 [DBG] >LOG:1709509938,W,NOTE: the current --script-security setting may allow this configuration to call user-defined scripts
2024-03-03 23:52:18.466 +00:00 [DBG] >LOG:1709509938,I,TCP/UDP: Preserving recently used remote address: [AF_INET]3.74.138.27:443
2024-03-03 23:52:18.466 +00:00 [DBG] >LOG:1709509938,,Socket Buffers: R=[786896->786896] S=[9216->9216]
2024-03-03 23:52:18.466 +00:00 [DBG] >LOG:1709509938,I,UDP link local: (not bound)
2024-03-03 23:52:18.467 +00:00 [DBG] >LOG:1709509938,I,UDP link remote: [AF_INET]3.74.138.27:443
2024-03-03 23:52:18.467 +00:00 [DBG] >LOG:1709509938,,MANAGEMENT: >STATE:1709509938,WAIT,,,,,,
2024-03-03 23:52:18.532 +00:00 [DBG] >LOG:1709509938,,MANAGEMENT: >STATE:1709509938,AUTH,,,,,,
2024-03-03 23:52:18.532 +00:00 [DBG] >LOG:1709509938,,TLS: Initial packet from [AF_INET]3.74.138.27:443, sid=64001c2a 52690546
2024-03-03 23:52:18.600 +00:00 [DBG] >LOG:1709509938,,VERIFY OK: depth=1, CN=ishchenkogv
2024-03-03 23:52:18.600 +00:00 [DBG] >LOG:1709509938,,VERIFY KU OK
2024-03-03 23:52:18.600 +00:00 [DBG] >LOG:1709509938,,Validating certificate extended key usage
2024-03-03 23:52:18.600 +00:00 [DBG] >LOG:1709509938,,++ Certificate has EKU (str) TLS Web Server Authentication, expects TLS Web Server Authentication
2024-03-03 23:52:18.601 +00:00 [DBG] >LOG:1709509938,,VERIFY EKU OK
2024-03-03 23:52:18.601 +00:00 [DBG] >LOG:1709509938,,VERIFY X509NAME OK: CN=server
2024-03-03 23:52:18.601 +00:00 [DBG] >LOG:1709509938,,VERIFY OK: depth=0, CN=server
2024-03-03 23:52:18.705 +00:00 [DBG] >LOG:1709509938,,Control Channel: TLSv1.2, cipher TLSv1/SSLv3 ECDHE-RSA-AES256-GCM-SHA384, 2048 bit RSA
2024-03-03 23:52:18.705 +00:00 [DBG] >LOG:1709509938,I,[server] Peer Connection Initiated with [AF_INET]3.74.138.27:443
2024-03-03 23:52:18.974 +00:00 [DBG] >LOG:1709509938,D,MANAGEMENT: CMD 'status'
2024-03-03 23:52:19.503 +00:00 [DBG] >LOG:1709509939,D,MANAGEMENT: CMD 'status'
2024-03-03 23:52:19.504 +00:00 [DBG] >LOG:1709509939,,MANAGEMENT: >STATE:1709509939,GET_CONFIG,,,,,,
2024-03-03 23:52:19.504 +00:00 [DBG] >LOG:1709509939,,SENT CONTROL [server]: 'PUSH_REQUEST' (status=1)
2024-03-03 23:52:22.187 +00:00 [DBG] >LOG:1709509939,,PUSH: Received control message: 'PUSH_REPLY,route 172.31.0.0 255.255.0.0,route-gateway 10.0.0.33,topology subnet,ping 1,ping-restart 20,echo,ifconfig 10.0.0.34 255.255.255.224,peer-id 0,cipher AES-256-GCM'
2024-03-03 23:52:22.187 +00:00 [DBG] >LOG:1709509939,,OPTIONS IMPORT: timers and/or timeouts modified
2024-03-03 23:52:22.188 +00:00 [DBG] >LOG:1709509939,,OPTIONS IMPORT: --ifconfig/up options modified
2024-03-03 23:52:22.188 +00:00 [DBG] >LOG:1709509939,,OPTIONS IMPORT: route options modified
2024-03-03 23:52:22.188 +00:00 [DBG] >LOG:1709509939,,OPTIONS IMPORT: route-related options modified
2024-03-03 23:52:22.188 +00:00 [DBG] >LOG:1709509939,,OPTIONS IMPORT: peer-id set
2024-03-03 23:52:22.188 +00:00 [DBG] >LOG:1709509939,,OPTIONS IMPORT: adjusting link_mtu to 1624
2024-03-03 23:52:22.188 +00:00 [DBG] >LOG:1709509939,,OPTIONS IMPORT: data channel crypto options modified
2024-03-03 23:52:22.188 +00:00 [DBG] >LOG:1709509939,,Outgoing Data Channel: Cipher 'AES-256-GCM' initialized with 256 bit key
2024-03-03 23:52:22.188 +00:00 [DBG] >LOG:1709509939,,Incoming Data Channel: Cipher 'AES-256-GCM' initialized with 256 bit key
2024-03-03 23:52:22.189 +00:00 [DBG] >LOG:1709509939,,ROUTE_GATEWAY 192.168.1.1/255.255.255.0 IFACE=en0 HWADDR=bc:d0:74:79:6b:44
2024-03-03 23:52:22.189 +00:00 [DBG] >LOG:1709509939,,Opening utun (connect(AF_SYS_CONTROL)): Resource busy (errno=16)
2024-03-03 23:52:22.189 +00:00 [DBG] >LOG:1709509939,,Opening utun (connect(AF_SYS_CONTROL)): Resource busy (errno=16)
2024-03-03 23:52:22.189 +00:00 [DBG] >LOG:1709509939,,Opening utun (connect(AF_SYS_CONTROL)): Resource busy (errno=16)
2024-03-03 23:52:22.189 +00:00 [DBG] >LOG:1709509939,,Opening utun (connect(AF_SYS_CONTROL)): Resource busy (errno=16)
2024-03-03 23:52:22.189 +00:00 [DBG] >LOG:1709509939,,Opening utun (connect(AF_SYS_CONTROL)): Resource busy (errno=16)
2024-03-03 23:52:22.189 +00:00 [DBG] >LOG:1709509939,,Opening utun (connect(AF_SYS_CONTROL)): Resource busy (errno=16)
2024-03-03 23:52:22.190 +00:00 [DBG] >LOG:1709509939,,Opening utun (connect(AF_SYS_CONTROL)): Resource busy (errno=16)
2024-03-03 23:52:22.190 +00:00 [DBG] >LOG:1709509939,I,Opened utun device utun7
2024-03-03 23:52:22.190 +00:00 [DBG] >LOG:1709509939,D,do_ifconfig, tt->did_ifconfig_ipv6_setup=0
2024-03-03 23:52:22.190 +00:00 [DBG] >LOG:1709509939,,MANAGEMENT: >STATE:1709509939,ASSIGN_IP,,10.0.0.34,,,,
2024-03-03 23:52:22.190 +00:00 [DBG] >LOG:1709509939,I,/sbin/ifconfig utun7 delete
2024-03-03 23:52:22.190 +00:00 [DBG] >LOG:1709509939,I,NOTE: Tried to delete pre-existing tun/tap instance -- No Problem if failure
2024-03-03 23:52:22.190 +00:00 [DBG] >LOG:1709509939,I,/sbin/ifconfig utun7 10.0.0.34 10.0.0.34 netmask 255.255.255.224 mtu 1500 up
2024-03-03 23:52:22.191 +00:00 [DBG] >LOG:1709509939,,/sbin/route add -net 10.0.0.32 10.0.0.34 255.255.255.224
2024-03-03 23:52:22.191 +00:00 [DBG] >LOG:1709509939,I,/Applications/AWS VPN Client/AWS VPN Client.app/Contents/Resources/openvpn/client.up utun7 1500 1552 10.0.0.34 255.255.255.224 init
2024-03-03 23:52:22.191 +00:00 [DBG] >LOG:1709509942,,MANAGEMENT: >STATE:1709509942,ADD_ROUTES,,,,,,
2024-03-03 23:52:22.191 +00:00 [DBG] >LOG:1709509942,,/sbin/route add -net 172.31.0.0 10.0.0.33 255.255.0.0
2024-03-03 23:52:22.191 +00:00 [DBG] >LOG:1709509942,I,Initialization Sequence Completed
2024-03-03 23:52:22.191 +00:00 [DBG] >LOG:1709509942,,MANAGEMENT: >STATE:1709509942,CONNECTED,SUCCESS,10.0.0.34,3.74.138.27,443,,
